# basic includes file lists
%include .///omdv_core.lst
%include .///omdv_iso.lst
%include .///omdv_control.lst
%include .///omdv_drivers.lst
#include .///omdv_ppp.lst
#include .///omdv_utils.lst

# more includes lists for common sets that are not task/meta pkgs
#include .///omdv_firefox.lst
%include .///omdv_fonts.lst
%include .///omdv_gstreamer.lst
#include .///omdv_libreoffice.lst
#include .///omdv_locales.lst
#include .///omdv_man-pages.lst
%include .///omdv_pulseaudio.lst
#include .///omdv_vlc.lst

# Desktop Specifics
task-mate
openmandriva-mate-config

# Needed Task/Meta Packages
task-pulseaudio

# printing
#task-printing
#task-printing-scanning
#hplip-gui #printer
#system-config-printer-gui #printer

x11-font-cyrillic
# keep to check
x11-server-xorg
x11-tools
x11-docs
x11-font-type1
x11-font-misc
x11-data-cursor-themes

# MD this entire list should be shuffled or justified to be needed for the full ISO

avahi #service
cagibi #service
firewall-applet #service
jackit #service
networkmanager-applet

# Miscelaneous Packages
enchant
ffmpeg
jasper
nss
nss_ldap
nss_mdns
nss_tcb
#nss_wins #this pulls in a ton of samba deps
openssl
pam_ldap
poppler-data
sasl-plug-gssapi

openssh-server #server
samba-server #server

python-notify
python-sip
pyxdg

