# Basic includes file lists
%include .///pk-core.lst
%include .///pk-iso.lst
%include .///pk-control.lst
%include .///pk-drivers.lst
%include .///pk-ppp.lst
%include .///pk-utils.lst
%include .///pk-plasma6.lst

# More includes lists for common sets that are not task/meta pkgs
%include .///pk-fonts.lst
%include .///pk-gstreamer.lst
%include .///pk-locales.lst
%include .///pk-man-pages.lst
%include .///pk-myspell.lst
%include .///pk-pulseaudio.lst
#%include .///pk-vlc.lst

# Miscelaneous Packages
avahi #service
chromium-browser-stable
edidbins
enchant
ffmpeg
jasper
nss
nss_ldap
nss_mdns
openmandriva-kde-icons
openssl
pam_ldap
phonon4qt6-backend
poppler-data
sasl-plug-gssapi
task-x11
x11-data-cursor-themes
x11-docs
x11-font-misc
x11-font-type1
x11-tools
xsettings-kde
xsettingsd
plasma6-breeze-gtk
dnfdrake
#nss_wins #this pulls in a ton of samba deps
#telegram-desktop
#packagekit
#plasma6-discover
#plasma6-discover-backend-flatpak
#plasma6-discover-backend-packagekit
# Temporary
lightdm

# OM special featured software
#
