# Basic includes file lists
%include .///omdv_core.lst
%include .///omdv_iso.lst
%include .///omdv_control.lst
%include .///omdv_drivers.lst
%include .///omdv_ppp.lst
%include .///omdv_utils.lst

# More includes lists for common sets that are not task/meta pkgs
#%include .///omdv_calligra.lst
%include .///omdv_fonts.lst
%include .///omdv_gstreamer.lst
#%include .///omdv_krita.lst
%include .///omdv_firefox.lst
%include .///omdv_locales.lst
#%include .///omdv_man-pages.lst
%include .///omdv_pulseaudio.lst

# Wayland stack
# possible: labwc, Hyprland, Niri, River, ̶S̶W̶A̶Y̶, Wayfire and maybe few others.
labwc
lxqt-wayland-session
qt6-qtwayland
# please don't use anythings from sway, hypr* is acceptable
hyprlock


# Desktop Specifics
task-lxqt
qt-avif-image-plugin
qt-jpegxl-image-plugin
pavucontrol-qt
lxqt-archiver
lximage-qt
networkmanager-applet
featherpad
qterminal
nheko
om-imagewriter

# Needed Task/Meta Packages
task-pulseaudio

# Printing and scanning
#task-printing
#printing
#task-printing-scanning
#hplip-gui #printer

# Should be removed, but must keep it until SDDM is not configured to start in wayland mode...
# purge it after

#x11-font-cyrillic
xlibre-xorg
x11-server-xwayland
x11-compose-cache
x11-tools
#x11-docs
x11-font-type1
x11-font-misc
x11-data-cursor-themes
#xscreensaver
#xscreensaver-base
edidbins

# MD this entire list should be shuffled or justified to be needed for the full ISO

avahi #service

atk1.0-common #gtk dep
canberra-gtk #gtk dep
gamin #gtk dep
gtk2-modules #gtk dep
gvfs
gvfs-archive #gtk dep
gvfs-fuse #gtk dep
gvfs-gphoto2 #gtk dep
gvfs-smb #gtk dep
notification-daemon #dubious virt req
pango #gtk dep

# Support for talking to wrongPhone/wrongPad
usbmuxd

# Miscelaneous Packages
#krita
enchant
ffmpeg
jasper
nss
nss_ldap
nss_mdns
nss_wins #this pulls in a ton of samba deps
openssl
pam_ldap
poppler-data
sasl-plug-gssapi
xdg-desktop-portal-lxqt

openssh-server #server
samba-server #server

# Disable it until it force kwin-x11 session. Need separate config for Labwc
#distro-release-desktop-LXQt

kf6-breeze-icons
# ej fak ju
#kwin-x11
plasma6-breeze
# Add breeze then for openbox startup
plasma6-breeze-gtk

# OM special featured software
#oma-welcome
om-imagewriter
om-update-config
om-repo-picker

# discover
# discover-backend-kns
# discover-backend-packagekit
# discover-notifier

mpv
phonon4qt6-gstreamer
qmplay2

dnfdrake
