# Basic includes file lists
%include .///pk-core.lst
%include .///pk-iso.lst
%include .///pk-control.lst
%include .///pk-drivers.lst
%include .///pk-ppp.lst
%include .///pk-utils.lst

# More includes lists for common sets that are not task/meta pkgs
%include .///pk-fonts.lst
%include .///pk-gstreamer.lst
%include .///pk-locales.lst
%include .///pk-man-pages.lst
%include .///pk-myspell.lst
%include .///pk-pulseaudio.lst
#%include .///pk-libreoffice.lst
#%include .///pk-smplayer.lst
#%include .///pk-vlc.lst

task-plasma6
plasma6-sddm

x11-tools
x11-docs
x11-font-type1
x11-font-misc
x11-data-cursor-themes
edidbins
avahi #service

# Miscelaneous Packages
chromium-browser-stable
enchant
ffmpeg
#flatpak
#plasma6-flatpak-kcm
jasper
nss
nss_ldap
nss_mdns
#nss_wins #this pulls in a ton of samba deps
openssl
pam_ldap
poppler-data
#telegram-desktop
sasl-plug-gssapi

# Install for Live only
# and remove with calamares cleaner
#kpat

# OM special featured software
#
kf6-oxygen-icons

#packagekit
#plasma6-discover
#plasma6-discover-backend-flatpak
#plasma6-discover-backend-packagekit
