aoss  #utils old
aria2 #utils
bash-completion #utils
bind-utils #utils
cdialog #utils old
cdrkit #utils
cdrkit-genisoimage #utils
cifs-utils #utils
command-not-found #utils
davfs2 #utils
dmraid #utils
dmraid-events #utils
dump #utils
dvb-apps #utils
dvbsnoop #utils
dvbtune #utils
dvd+rw-tools #utils
freerdp #utils
gnupg #utils
html2text #utils
htop #utils
hw-probe #utils
krb5-workstation #utils
lftp #utils
libgphoto-common #utils
libmtp-utils #utils
lvm2 #utils
microcode #utils old
nail #utils
ndiswrapper #utils
nfs-utils #utils
nfs-utils-clients #utils
networkmanager-openvpn #utils
networkmanager-vpnc #utils
networkmanager-pptp #utils
typelib(NetworkManager) #utils
open #utils
openldap-clients #utils
opensc #utils
p7zip #utils
pcsc-lite #utils
pptp-linux #utils
rng-utils #utils
rpcbind #utils
rsnapshot #utils
rsync #utils
samba-client #utils
samba-winbind #utils
saned
sane-backends
sane-backends-iscan #utils
sash #utils
sscape_ctl #utils old
vpnpptp-allde #utils
xev #utils
xl2tpd #utils old
zcip #utils old
