%include .///omdv_iso_minimal.lst

alsa-plugins
alsa-plugins-pulseaudio
alsa-utils
calamares #min-iso
distro-theme
dosfstools
eject
#freetype-tools #iso
ufw
nx-firewall
hfsutils #iso
distro-release-indexhtml
info #iso
info-install #iso
inxi
isomd5sum #iso
iso-codes #iso
irqbalance
jfsutils #iso
hwdata
libxdg-basedir #iso
lsof #iso
lm_sensors #iso
mailcap #iso
man-db
mc
monitor-edid #iso
memtest86+
mkxauth #iso
mlocate #iso
mtools #iso
ntfs-3g
ntfs-3g-system-compression
os-prober
pcmciautils
plymouth-system-theme
python-curl
quota #iso
reiserfsprogs
rtkit #iso
sharutils #iso
sound-theme-freedesktop #iso
sudo
task-x11
testdisk
tmpwatch #iso
tuned
upower #iso
usbmuxd #iso
urw-fonts
uuidd
vbetool #iso
wget
whois #iso
x11-driver-input-vmmouse #iso
x11-driver-video-vboxvideo #iso
virtualbox-guest-additions #Shared clipboard and files
x11-data-bitmaps
x11-driver-input-evdev
x11-driver-input-synaptics
x11-driver-video
xdg-compliance #iso
xdg-user-dirs #iso
xdg-user-dirs-gtk #iso
xdg-utils #iso
xfsprogs
xrandr
xterm
zip
unzip
