# Basic includes file lists
%include .///omdv_core.lst
%include .///omdv_iso.lst
%include .///omdv_control.lst
%include .///omdv_drivers.lst
%include .///omdv_ppp.lst
%include .///omdv_utils.lst

# More includes lists for common sets that are not task/meta pkgs
%include .///omdv_firefox.lst
%include .///omdv_fonts.lst
%include .///omdv_gstreamer.lst
%include .///omdv_libreoffice.lst
%include .///omdv_locales.lst
#%include .///omdv_man-pages.lst
%include .///omdv_pulseaudio.lst
#%include .///omdv_vlc.lst

# Desktop Specifics
task-gnome
task-gnome-minimal
accountsservice
adwaita-icon-theme
gnome-desktop
gnome-backgrounds
gnome-control-center
gnome-menus
gnome-panel
gnome-power-manager
gnome-keyring
gnome-shell
gnome-system-monitor
gnome-terminal
#console
gnome-themes-standard
nautilus
networkmanager
yelp
task-x11
xdg-desktop-portal-gnome

cheese
eog
evince
file-roller
gnome-calculator
gedit
gnome-text-editor
gnome-color-manager
gnome-disk-utility
#gnome-packagekit #broken, and no needed
gnome-software
gnome-terminal-nautilus

#epiphany # disable to save space on ISO
#gnome-games
aisleriot
firefox
gnome-chess
gnome-mahjongg
gnome-nibbles
#rhythmbox
clapper
#totem
transmission-gtk
simple-scan
shotwell
gthumb
sushi
#vino
#vinagre
polari
fractal

gnome-maps
#gnome-music
g4music
#gnome-photos
shortwave

#bijiben
gnome-characters
gnome-clocks
# Builder is needed only for developers.
#gnome-builder
gnome-dictionary
foliate
gnome-font-viewer
gnome-sound-recorder
gnome-usage
gnome-weather
baobab
gnome-system-log
gnome-commander
gnome-firmware
gnome-calendar

gucharmap
mousetweaks

# biz / office / utils
brasero
caribou
caribou-gtk3
evolution
gnome-contacts
gparted
gthumb
gimp
inkscape
loupe
om-imagewriter

# Needed Task/Meta Packages
task-pulseaudio

# Printing
task-printing
task-printing-scanning
system-config-printer-gui #printer
sane
sane-backends
# Dirty workaround for mess with ROME repos...
lib64sane1

# keep to check
#x11-font-cyrillic
xlibre-xorg
x11-tools
#x11-docs
x11-font-type1
x11-font-misc
x11-data-cursor-themes
edidbins

# MD this entire list should be shuffled or justified to be needed for the full ISO

avahi #service
#firewall-applet #service
networkmanager-applet
dbus-broker

atk1.0-common #gtk dep
canberra-gtk #gtk dep
gamin #gtk dep
GConf2 #gtk dep
gtk2-modules #gtk dep
#gtk-xfce-engine
gvfs
gvfs-archive #gtk dep
gvfs-fuse #gtk dep
gvfs-gphoto2 #gtk dep
gvfs-smb #gtk dep
#ia_ora-gnome #gtk dep
pango #gtk dep

# Dirty but urgent GTK deps
#{_lib}gjs0
typelib(GjsPrivate)
gjs
lib64webkit2gtk-gir4.1
gstreamer1.0-gtk
gstreamer1.0-gtk-wayland
# Make sure that both are on ISO ### I hate splits
python-gobject3
python-gi

# Support for talking to wrongPhone/wrongPad
#usbmuxd

# Miscelaneous Packages
enchant
ffmpeg
jasper
nss
nss_ldap
nss_mdns
nss_wins #this pulls in a ton of samba deps
openssl
#pam_ldap
poppler-data
sasl-plug-gssapi

#openssh-server #server
#samba-server #server

#python deps?
#python-ldap
#python-notify
#python-OpenSSL
#python-pycrypto
#python-sip
#pyxdg

# OM special featured software
#gnome-initial-setup
#gnome-tour
# Disable feeling-like as it works only in Plasma
#om-feeling-like
#oma-welcome
#om-control-center
#om-update-config
#om-repo-picker
tears-of-mandrake
yumex

#packagekit
packagekit-gstreamer-plugin
packagekit-command-not-found
# make sure that flatpak is installed on iso
flatpak

# Feeling stuff
#drop it because dragora is no longer on iso
# for dnfdragora to use correct backend
#libyui-gtk
#libyui-mga-gtk
# for LibreOffice
libreoffice-gnome
#libreoffice-gtk3-kde5
