# Basic includes file lists
%include .///pk-core.lst
%include .///pk-iso.lst
%include .///pk-control.lst
%include .///pk-drivers.lst
%include .///pk-ppp.lst
%include .///pk-utils.lst

# More includes lists for common sets that are not task/meta pkgs
%include .///pk-pulseaudio.lst
%include .///pk-fonts.lst
%include .///pk-gstreamer.lst
%include .///pk-locales.lst
%include .///pk-myspell.lst
%include .///pk-task-x11.lst
#%include .///pk-man-pages.lst
#%include .///pk-vlc.lst

# Desktop Specifics
#task-gnome
task-gnome-minimal
file-roller
gedit
gdm
gnome-color-manager
gnome-disk-utility
#gnome-software
gnome-terminal
#gnome-tweaks
#gparted
adobe-source-code-pro-fonts
accountsservice
adwaita-icon-theme
gnome-desktop
gnome-backgrounds
gnome-control-center
gnome-menus
gnome-panel
gnome-power-manager
gnome-keyring
gnome-shell
gnome-system-monitor
#console
gnome-themes-standard
nautilus
networkmanager
yelp
task-x11
xdg-desktop-portal-gnome

firefox
#cheese
eog
evince
#gnome-calculator
#gnome-text-editor
#gnome-terminal-nautilus
#epiphany
#gnome-games
#rhythmbox
#totem
clapper
#shotwell
#sushi
#vino
#vinagre
#polari
#fractal
#gnome-maps
#gnome-music
#gnome-photos
#gnome-screenshot
#bijiben
#gnome-characters
gnome-clocks
gnome-dictionary
#gnome-font-viewer
#gnome-sound-recorder
#gnome-usage
gnome-weather
#baobab
#gnome-system-log
#gnome-search-tool
#gnome-commander
#gnome-calendar
gucharmap
mousetweaks
# Builder is needed only for developers.
#gnome-builder

# biz / office / utils
#brasero
#caribou
#caribou-gtk3
#evolution
#gnome-contacts
gthumb
#gimp
#inkscape

# Needed Task/Meta Packages
task-pulseaudio

# Printing
#task-printing
#task-printing-scanning
#system-config-printer-gui
#simple-scan
#sane
#sane-backends
# Dirty workaround for mess with ROME repos
#lib64sane1

# keep to check
#x11-font-cyrillic
xlibre-xorg
x11-tools
#x11-docs
x11-font-type1
x11-font-misc
x11-data-cursor-themes
edidbins

avahi #service
#firewall-applet #service
networkmanager-applet
dbus-broker
atk1.0-common #gtk dep
canberra-gtk #gtk dep
gamin #gtk dep
GConf2 #gtk dep
gtk2-modules #gtk dep
#gtk-xfce-engine
gvfs
gvfs-archive #gtk dep
gvfs-fuse #gtk dep
gvfs-gphoto2 #gtk dep
#gvfs-smb #gtk dep
#ia_ora-gnome #gtk dep
pango #gtk dep

# Dirty but urgent GTK deps
#{_lib}gjs0
typelib(GjsPrivate)
gjs
#lib64webkit2gtk-gir4.1
#gstreamer1.0-gtk
#gstreamer1.0-gtk-wayland
# Make sure that both are on ISO
python-gobject3
python-gi

# Support for talking to wrongPhone/wrongPad
#usbmuxd

# Miscelaneous Packages
enchant
ffmpeg
jasper
nss
nss_ldap
nss_mdns
nss_wins #this pulls in a ton of samba deps
openssl
#pam_ldap
poppler-data
sasl-plug-gssapi
#breeze-icons
#openssh-server #server
#samba-server #server

# OM special featured software
om-repo-picker
om-imagewriter
om-mirror-selector
tears-of-mandrake
#gnome-initial-setup
#gnome-tour
#yumex

#packagekit
#packagekit-gstreamer-plugin
#packagekit-command-not-found
