# basic includes file lists
%include .///pk-core.lst
%include .///pk-iso.lst
%include .///pk-control.lst
%include .///pk-drivers.lst
%include .///pk-ppp.lst
%include .///pk-utils.lst

# more includes lists for common sets that are not task/meta pkgs
%include .///pk-pulseaudio.lst
%include .///pk-task-plasma.lst
%include .///pk-fonts.lst
%include .///pk-gstreamer.lst
%include .///pk-locales.lst
%include .///pk-man-pages.lst
%include .///pk-myspell.lst
# %include .///pk-libreoffice.lst
# %include .///pk-vlc.lst
# %include .///pk-smplayer.lst

# %include .///pk-firefox.lst

# install for Live only
# and remove with calamares cleaner
#kpat

# Desktop Specifics
qt-avif-image-plugin
qt-jpegxl-image-plugin
phonon4qt5-gstreamer
# haruna
# nulloy
# isoimagewriter
# rosa-imagewriter
# digikam and kipi-plugins
# kipi-plugins-advancedslideshow
# kipi-plugins-calendar
# kipi-plugins-dropbox
# kipi-plugins-expoblending  disable it as it needs wxgtk3.0
# kipi-plugins-facebook
# kipi-plugins-flashexport
# kipi-plugins-flickr
# kipi-plugins-googleservices
# kipi-plugins-imageshack
# kipi-plugins-imageviewer
# kipi-plugins-imgurexport
# kipi-plugins-kmlexport
# kipi-plugins-panorama disable it as it needs wxgtk3.0
# kipi-plugins-piwigoexport
# kipi-plugins-printimages
# kipi-plugins-rajceexport
# kipi-plugins-remotestorage
# kipi-plugins-sendimages
# kipi-plugins-smug
# kipi-plugins-yandexfotki
# showfoto
# krita

# task-printing
# printing
# task-printing-scanning
# system-config-printer-gui

## (crazy) hmm .. this need move away from here
#x11-font-cyrillic
x11-tools
x11-docs
x11-font-type1
x11-font-misc
x11-data-cursor-themes
edidbins

avahi #service

# Miscelaneous Packages
# filelight
enchant
ffmpeg
jasper
nss
nss_ldap
nss_mdns
nss_wins
openssl
pam_ldap
poppler-data
sasl-plug-gssapi

# OM special featured software
oma-welcome
#om-feeling-like
#om-update-config
om-repo-picker
om-control-center
om-user-manager
# om-mirror-selector

oxygen-icons

#packagekit
packagekit-gstreamer-plugin
packagekit-command-not-found
#discover
#discover-backend-kns
#discover-backend-packagekit
#discover-notifier
