kf6-baloo
kf6-breeze-icons
kf6-frameworkintegration
kf6-kdeclarative
kf6-kded
kf6-kirigami-addons
kf6-kservice
kf6-oxygen-icons
kf6-solid
plasma6-ark
plasma6-bluedevil
plasma6-breeze
plasma6-browser-integration
plasma6-desktop
#plasma6-discover
#plasma6-discover-backend-packagekit
plasma6-dolphin
plasma6-drkonqi
#plasma6-firewall
plasma6-gwenview
plasma6-integration
plasma6-kate
plasma6-kde-cli-tools
plasma6-kde-gtk-config
plasma6-kdeplasma-addons
plasma6-kinfocenter
plasma6-kmenuedit
plasma6-konsole
plasma6-kscreen
plasma6-kscreenlocker
plasma6-ksshaskpass
plasma6-ksystemstats
plasma6-kwin-x11
plasma6-kwrite
plasma6-kwrited
plasma6-milou
plasma6-nm
#plasma6-oxygen
plasma6-oxygen-sounds
plasma6-pa
plasma6-polkit-kde-agent-1
plasma6-powerdevil
plasma6-qqc2-breeze-style
#plasma6-sddm
#plasma6-sddm-kcm
#plasma6-sddm-theme-breeze
plasma6-systemmonitor
plasma6-systemsettings
plasma6-vault
plasma6-workspace
plasma6-workspace-x11
plasma6-xdg-desktop-portal-kde
#plasma6-kwayland-integration
#plasma6-kwin-wayland
#plasma6-workspace-wayland
#flatpak
#plasma6-flatpak-kcm
