distro-release-desktop-Plasma6
kf6-baloo
kf6-breeze-icons
kf6-frameworkintegration
kf6-kdeclarative
kf6-kded
kf6-kidletime
kf6-kirigami
kf6-kirigami-addons
kf6-kservice
kf6-kwindowsystem
kf6-oxygen-icons
kf6-solid
ark
bluedevil
breeze
dolphin
dolphin-plugins
drkonqi
ffmpegthumbs
gwenview
kate
kde-cli-tools
kdegraphics-thumbnailers
kdeplasma-addons
kdialog
kinfocenter
kio-admin
kio-extras
kio-gdrive
kio-zeroconf
kmenuedit
konsole
kscreen
kscreenlocker
ksshaskpass
ksystemstats
kwallet-pam
kwalletmanager
kwrite
kwrited
milou
okular
oxygen-sounds
partitionmanager
plasma-desktop
plasma-disks
plasma-integration
plasma-nm
plasma-pa
plasma-systemmonitor
plasma-vault
plasma-workspace
plymouth-kcm
polkit-kde-agent-1
powerdevil
qqc2-breeze-style
sddm
sddm-kcm
sddm-theme-breeze
signon-kwallet-extension
spectacle
systemsettings
xdg-desktop-portal-kde
#kdepim-runtime
#sound-theme-ocean
#flatpak
#kf6-sonnet
#packagekit
#breeze-gtk
#plasma-browser-integration
#discover
#discover-backend-flatpak
#discover-backend-packagekit
#plasma-firewall
#flatpak-kcm
#oxygen

kf6-kidletime-wayland
kf6-kwindowsystem-backend-wayland
libkscreen-wayland
plasma-workspace-wayland
plasma6-kwin-wayland
kwayland-integration
kwin
