%include .///pk-task-plasma-minimal.lst
#%include .///pk-task-plasma-telepathy.lst

#akonadi-calendar-tools
#akonadi-notes-agent
#akonadi-search
#akregator
audiocd-kio
bluedevil5
# digikam
distro-release-desktop-Plasma
dolphin-plugins
drkonqi
#elisa
ffmpegthumbs
grub2-editor
gwenview
#kaccounts-integration
#kaccounts-providers
#kaddressbook
# kalarm -- not until it stops crashing on startup
#kamera
#kamoso
kate
#kbackup
#kcalc
#kdeconnect
kdegraphics-thumbnailers
kde-gtk-config
#kdenetwork-filesharing
# kdenlive
#kdepim-runtime
kdf
kdialog
kgamma5
#kget
khelpcenter
kidentitymanagement
kio-gdrive
# kipi-plugins
#kleopatra
#kmail
#kmail-account-wizard
#kontact
#konversation
neochat
#korganizer
#krdc
#krfb
ksystemlog
ktorrent
kwallet-pam
#kwave
#kwayland
#kwayland-integration
#kwin-wayland
kwrite
libproxy-kde
libproxy-networkmanager
myspell-dictionary
okular
openmandriva-kde-icons
partitionmanager
#plasma-workspace-wayland
plymouth-kcm
#print-manager
sddm
sddm-kcm
sddm-theme-breeze
signon-kwallet-extension
#skanlite
sonnet-hunspell
spectacle
#speech-dispatcher
#ssr
systemd-kcm
kuser
zeroconf-ioslave
