# Basic includes file lists
%include .///omdv_core.lst
%include .///omdv_iso.lst
%include .///omdv_control.lst
%include .///omdv_drivers.lst
%include .///omdv_ppp.lst
%include .///omdv_utils.lst

# More includes lists for common sets that are not task/meta pkgs
%include .///omdv_fonts.lst
%include .///omdv_gstreamer.lst
%include .///omdv_libreoffice.lst
%include .///omdv_locales.lst
#%include .///omdv_man-pages.lst
%include .///omdv_pulseaudio.lst
#%include .///omdv_vlc.lst

# Desktop Specifics
budgie-desktop
budgie-desktop-view
budgie-screensaver
budgie-control-center
budgie-backgrounds
gnome-bluetooth3.34
budgie-session
gnome-settings-daemon
gsettings-desktop-schemas
magpie-wm
accountsservice
adwaita-icon-theme
hicolor-icon-theme
gnome-desktop
gnome-power-manager
gnome-keyring
gnome-system-monitor
gnome-terminal
glib2.0-common
glib2
gtk+3
nautilus
networkmanager
networkmanager-applet
yelp
task-x11
lib64xfce4windowing
firefox

# Themes?Styles

materia-gtk-theme
papirus-icon-theme

# Apps/other

cheese
eog
evince
file-roller
gnome-calculator
gedit
gdm
gnome-color-manager
gnome-disk-utility
gnome-software
gnome-terminal-nautilus

gnome-games
clapper
transmission-gtk
simple-scan
shotwell
gthumb
sushi
polari
fractal

gnome-maps
gnome-music
shortwave

bijiben
gnome-characters
gnome-clocks
gnome-dictionary
foliate
gnome-font-viewer
gnome-sound-recorder
gnome-weather
baobab
gnome-system-log
gnome-commander
gnome-calendar

gucharmap
mousetweaks

# biz / office / utils
brasero
caribou
caribou-gtk3
evolution
gnome-contacts
gparted
gthumb
gimp
inkscape
om-imagewriter

# Needed Task/Meta Packages
task-pulseaudio

task-printing
# printing
task-printing-scanning
system-config-printer-gui #printer
sane

# keep to check
#x11-font-cyrillic
x11-server-xorg
x11-tools
#x11-docs
x11-font-type1
x11-font-misc
x11-data-cursor-themes
edidbins

# MD this entire list should be shuffled or justified to be needed for the full ISO

avahi #service
#firewall-applet #service
networkmanager-applet
dbus-broker

atk1.0-common #gtk dep
canberra-gtk #gtk dep
gamin #gtk dep
GConf2 #gtk dep
gtk2-modules #gtk dep
#gtk-xfce-engine
gvfs
gvfs-archive #gtk dep
gvfs-fuse #gtk dep
gvfs-gphoto2 #gtk dep
gvfs-smb #gtk dep
#ia_ora-gnome #gtk dep
pango #gtk dep

# Dirty but urgent GTK deps
#{_lib}gjs0
typelib(GjsPrivate)
gjs


# Support for talking to wrongPhone/wrongPad
#usbmuxd

# Miscelaneous Packages
enchant
ffmpeg
jasper
nss
nss_ldap
nss_mdns
nss_wins #this pulls in a ton of samba deps
openssl
#pam_ldap
poppler-data
sasl-plug-gssapi

#openssh-server #server
#samba-server #server

#python deps?
#python-ldap
#python-notify
#python-OpenSSL
#python-pycrypto
#python-sip
#pyxdg

# Disable feeling-like as it works only in Plasma
#om-feeling-like
#oma-welcome
#om-control-center

om-update-config
om-repo-picker
om-user-manager
om-mirror-selector

#packagekit
packagekit-gstreamer-plugin
packagekit-command-not-found
# make sure that flatpak is installed on iso
flatpak

# Feeling stuff
# for dnfdragora to use correct backend
libyui-gtk
libyui-mga-gtk
# for LibreOffice
libreoffice-gnome
libreoffice-gtk3-kde5
