# Basic includes file lists
%include .///pk-core.lst
%include .///pk-iso.lst
%include .///pk-control.lst
%include .///pk-drivers.lst
%include .///pk-ppp.lst
%include .///pk-utils.lst

# More includes lists for common sets that are not task/meta pkgs
%include .///pk-pulseaudio.lst
%include .///pk-fonts.lst
%include .///pk-gstreamer.lst
%include .///pk-locales.lst
%include .///pk-man-pages.lst
%include .///pk-myspell.lst
%include .///pk-task-x11.lst
#%include .///pk-vlc.lst
#%include .///pk-firefox.lst
#%include .///pk-libreoffice.lst

# Desktop Specifics
task-mate
openmandriva-mate-config

# Miscelaneous Packages
sddm
sddm-theme-breeze
breeze-gtk
enchant
ffmpeg
jasper
nss
nss_ldap
nss_mdns
#nss_wins #this pulls in a ton of samba deps
openssl
pam_ldap
poppler-data
sasl-plug-gssapi
openssh-server #server
#samba-server #server
python-notify
python-sip
pyxdg
kwin-x11

# Needed Task/Meta Packages
task-pulseaudio

# Printing
#task-printing
#task-printing-scanning
#hplip-gui
#system-config-printer-gui

# Keep to check
#x11-font-cyrillic
x11-server-xorg
x11-tools
x11-docs
x11-font-type1
x11-font-misc
x11-data-cursor-themes

# MD this entire list should be shuffled or justified to be needed for the full ISO
avahi #service
firewall-applet #service
jackit #service
networkmanager-applet

# Special OM featured software
oma-welcome
om-repo-picker
om-control-center
om-user-manager
om-mirror-selector
