# basic includes file lists
%include .///pk-core.lst
%include .///pk-iso.lst
%include .///pk-control.lst
%include .///pk-drivers.lst
#include .///pk-ppp.lst
#include .///pk-utils.lst

# more includes lists for common sets that are not task/meta pkgs
#include .///pk-firefox.lst
%include .///pk-fonts.lst
%include .///pk-gstreamer.lst
#include .///pk-libreoffice.lst
#include .///pk-locales.lst
#include .///pk-man-pages.lst
%include .///pk-pulseaudio.lst
#include .///pk-vlc.lst

# Desktop Specifics
task-mate
openmandriva-mate-config

# Needed Task/Meta Packages
task-pulseaudio

# printing
#task-printing
#task-printing-scanning
#hplip-gui #printer
#system-config-printer-gui #printer

x11-font-cyrillic
# keep to check
x11-server-xorg
x11-tools
x11-docs
x11-font-type1
x11-font-misc
x11-data-cursor-themes

# MD this entire list should be shuffled or justified to be needed for the full ISO

avahi #service
firewall-applet #service
jackit #service
networkmanager-applet

# Miscelaneous Packages
enchant
ffmpeg
jasper
nss
nss_ldap
nss_mdns
#nss_wins #this pulls in a ton of samba deps
openssl
pam_ldap
poppler-data
sasl-plug-gssapi
sddm
breeze-gtk

openssh-server #server
samba-server #server

python-notify
python-sip
pyxdg

# special featured software
om-repo-picker
om-control-center
om-mirror-selector
