# Basic includes file lists
%include .///pk-core.lst
%include .///pk-iso.lst
%include .///pk-control.lst
%include .///pk-drivers.lst
%include .///pk-ppp.lst
%include .///pk-utils.lst

# More includes lists for common sets that are not task/meta pkgs
%include .///pk-pulseaudio.lst
%include .///pk-fonts.lst
%include .///pk-gstreamer.lst
# include .///pk-libreoffice.lst
%include .///pk-locales.lst
%include .///pk-man-pages.lst
%include .///pk-myspell.lst
%include .///pk-task-x11.lst
#%include .///pk-firefox.lst
#%include .///pk-libreoffice.lst
#%include .///pk-vlc.lst

# Desktop Specifics
task-gnome
task-gnome-minimal
accountsservice
adwaita-icon-theme
gnome-desktop
gnome-backgrounds
gnome-control-center
gnome-menus
gnome-panel
gnome-power-manager
gnome-keyring
gnome-screenshot
gnome-shell
gnome-system-monitor
gnome-terminal
gnome-themes-standard
nautilus
networkmanager
yelp
task-x11

#cheese
eog
#ekiga
#lollypop
evince
file-roller
#gnome-calculator
gedit
gdm
gnome-color-manager
gnome-disk-utility
gnome-packagekit
gnome-software
gnome-terminal-nautilus
gnome-tweaks

#empathy
#epiphany
#gnome-games
#rhythmbox
totem

#simple-scan
#shotwell
#sushi
#vino
#vinagre
#polari
#fractal
#gnome-maps
gnome-music
gnome-photos
bijiben
gnome-characters
gnome-clocks
#gnome-builder
gnome-dictionary
gnome-documents
gnome-font-viewer
gnome-sound-recorder
gnome-usage
gnome-weather
baobab
gnome-system-log
gnome-search-tool
gnome-commander
gnome-calendar
gucharmap
mousetweaks

# biz / office / utils
#brasero
#caribou
#caribou-gtk3
#evolution
#gnome-contacts
gparted
gthumb
#gimp
#inkscape
#rosa-imagewriter

# Needed Task/Meta Packages
task-pulseaudio
#task-printing
# printing
#task-printing-scanning
#system-config-printer-gui #printer

# keep to check
#x11-font-cyrillic
x11-server-xorg
x11-tools
#x11-docs
x11-font-type1
x11-font-misc
x11-data-cursor-themes
edidbins

# MD this entire list should be shuffled or justified to be needed for the full ISO
avahi #service
#firewall-applet #service
networkmanager-applet
dbus-broker

atk1.0-common #gtk dep
canberra-gtk #gtk dep
gamin #gtk dep
GConf2 #gtk dep
gtk2-modules #gtk dep
#gtk-xfce-engine
gvfs
gvfs-archive #gtk dep
gvfs-fuse #gtk dep
gvfs-gphoto2 #gtk dep
#gvfs-smb #gtk dep
#ia_ora-gnome #gtk dep
pango #gtk dep

# Dirty but urgent GTK deps
#{_lib}gjs0
typelib(GjsPrivate)
gjs

# Support for talking to wrongPhone/wrongPad
#usbmuxd

# Miscelaneous Packages
enchant
ffmpeg
jasper
nss
nss_ldap
nss_mdns
nss_wins #this pulls in a ton of samba deps
openssl
#pam_ldap
poppler-data
sasl-plug-gssapi
sddm
breeze-icons
openssh-server #server
samba-server #server

#python deps?
#python-ldap
#python-notify
#python-OpenSSL
#python-pycrypto
#python-sip
#pyxdg

# Special OM featured software
#oma-welcome
om-repo-picker
om-control-center
om-user-manager
om-mirror-selector

#packagekit
packagekit-gstreamer-plugin
packagekit-command-not-found
