# Basic includes file lists
%include .///omdv_core.lst
%include .///omdv_iso_minimal.lst
%include .///omdv_control.lst
%include .///omdv_drivers.lst
%include .///omdv_ppp.lst
%include .///omdv_utils.lst

# More includes lists for common sets that are not task/meta pkgs
#%include .///omdv_firefox.lst
%include .///omdv_fonts.lst
%include .///omdv_gstreamer.lst
%include .///omdv_libreoffice.lst
%include .///omdv_locales.lst
%include .///omdv_man-pages.lst
%include .///omdv_myspell.lst
#%include .///omdv_vlc.lst
%include .///omdv_smplayer.lst
%include .///omdv_pulseaudio.lst
%include .///omdv_task-plasma.lst

# Bits from omdv_iso (as opposed to omdv_iso_minimal) that we want...
alsa-plugins
alsa-plugins-pulseaudio
alsa-utils
calamares #min-iso
distro-release-theme
dosfstools
eject
#plasma-firewall
distro-release-indexhtml
info #iso
info-install #iso
inxi
iso-codes #iso
irqbalance
hwdata
libxdg-basedir #iso
lsof #iso
lm_sensors #iso
mailcap #iso
man-db
monitor-edid #iso
memtest86+
mkxauth #iso
mlocate #iso
mtools #iso
ntfs-3g
ntfs-3g-system-compression
os-prober
plymouth-system-theme
python-curl
rtkit #iso
sharutils #iso
sound-theme-freedesktop #iso
sudo
task-x11
testdisk
tmpwatch #iso
upower #iso
usbmuxd #iso
urw-fonts
uuidd
vbetool #iso
wget
whois #iso
virtualbox-guest-additions #Shared clipboard and files
x11-data-bitmaps
x11-driver-input-evdev
x11-driver-input-synaptics
x11-driver-video
xdg-compliance #iso
xdg-user-dirs #iso
xdg-user-dirs-gtk #iso
xdg-utils #iso
xfsprogs
xrandr
zip
unzip

# Install for Live only
# and remove with calamares cleaner
kpat

# Desktop Specifics
phonon4qt5-gstreamer
rosa-imagewriter
# digikam and kipi-plugins
kipi-plugins-advancedslideshow
kipi-plugins-calendar
kipi-plugins-dropbox
# kipi-plugins-expoblending  disable it as it needs wxgtk3.0
kipi-plugins-facebook
kipi-plugins-flashexport
kipi-plugins-flickr
kipi-plugins-googleservices
kipi-plugins-imageshack
kipi-plugins-imageviewer
kipi-plugins-imgurexport
kipi-plugins-kmlexport
# kipi-plugins-panorama disable it as it needs wxgtk3.0
kipi-plugins-piwigoexport
kipi-plugins-printimages
kipi-plugins-rajceexport
kipi-plugins-remotestorage
kipi-plugins-sendimages
kipi-plugins-smug
kipi-plugins-yandexfotki
showfoto

# Printing and scanning
task-printing
task-printing-scanning
hplip-gui

## (crazy) hmm .. this need move away from here
x11-font-cyrillic
x11-tools
x11-docs
x11-font-type1
x11-font-misc
x11-data-cursor-themes
edidbins

# MD this entire list should be shuffled or justified to be needed for the full ISO
avahi #service

# Miscelaneous Packages
enchant
ffmpeg
jasper
nss
nss_ldap
nss_mdns
nss_wins #this pulls in a ton of samba deps
openssl
pam_ldap
poppler-data
sasl-plug-gssapi

# OM special featured software
oma-welcome
om-control-center
om-feeling-like
om-update-config
om-repo-picker
om-user-manager
om-mirror-selector
oxygen-icons

#packagekit
packagekit-gstreamer-plugin
packagekit-command-not-found
discover
discover-backend-kns
discover-backend-packagekit

# Educational software
gcompris-qt
minuet
parley
kcalc
kalzium
klettres
artikulate
blinken
cantor
kalgebra
kanagram
kbruch
kgeography
khangman
kig
kiten
kmplot
kstars
ktouch
kturtle
kwordquiz
labplot
rocs
step
tuxpaint

# Software useful in some school subjects
musescore
marble
krita
white_dune
blender

# Some kids may want to learn programming...
clang
stdc++-devel
qt5-designer
qt-creator
cmake(Qt5Widgets)
make
cmake
ninja
rpm-build

# Students tend to love messengers...
telegram-desktop
quaternion

# Let's give kids something to play with too
extremetuxracer
kreversi
khangman
kbounce
kbreakout

# Let's try to be compatible with some legacy stuff...
wine
