# Basic includes file lists
%include .///omdv_core.lst
%include .///omdv_iso.lst
%include .///omdv_control.lst
%include .///omdv_drivers.lst
%include .///omdv_ppp.lst
%include .///omdv_utils.lst

# More includes lists for common sets that are not task/meta pkgs
%include .///omdv_fonts.lst
%include .///omdv_gstreamer.lst
%include .///omdv_libreoffice.lst
%include .///omdv_locales.lst
%include .///omdv_man-pages.lst
%include .///omdv_myspell.lst
%include .///omdv_vlc.lst
#%include .///omdv_smplayer.lst
%include .///omdv_pulseaudio.lst

task-plasma6
libreoffice-qt6

# Install for Live only
# and remove with calamares cleaner
#kpat

x11-font-cyrillic
x11-tools
x11-docs
x11-font-type1
x11-font-misc
x11-data-cursor-themes
edidbins

# MD this entire list should be shuffled or justified to be needed for the full ISO

avahi #service

distro-release-desktop-Plasma6

# Miscelaneous Packages
chromium-browser-stable
enchant
ffmpeg
flatpak
plasma6-flatpak-kcm
plasma6-systemsettings
plasma6-kinfocenter
plasma6-ksystemstats
plasma6-oxygen
plasma6-oxygen-sounds
plasma6-nm
plasma6-kdeplasma-addons
plasma6-browser-integration
plasma6-vault
plasma6-xdg-desktop-portal-kde
plasma6-flatpak-kcm
#plasma6-firewall
plasma6-systemmonitor
plasma6-konsole
plasma6-dolphin
plasma6-gwenview
plasma6-kate
plasma6-kwrite
plasma6-ark
plasma6-kcalc
# FIXME replace with plasma6-okular as soon as it exists
okular
qbittorrent
# FIXME need to figure out what exactly requires
# the next 2 so we can add a dependency there
# rather than listing them here
kf6-kirigami-addons
plasma6-qqc2-breeze-style
jasper
nss
nss_ldap
nss_mdns
#nss_wins #this pulls in a ton of samba deps
openssl
pam_ldap
poppler-data
telegram-desktop
sasl-plug-gssapi
kf6-oxygen-icons

# OM special featured software
om-repo-picker

#packagekit
plasma6-discover
plasma6-discover-backend-flatpak
plasma6-discover-backend-packagekit

plasma6-sddm
