# Basic includes file lists
%include .///pk-core.lst
%include .///pk-iso.lst
%include .///pk-control.lst
%include .///pk-drivers.lst
%include .///pk-ppp.lst
%include .///pk-utils.lst

# More includes lists for common sets that are not task/meta pkgs
%include .///pk-pulseaudio.lst
%include .///pk-task-plasma.lst
%include .///pk-fonts.lst
%include .///pk-gstreamer.lst
%include .///pk-locales.lst
%include .///pk-man-pages.lst
%include .///pk-myspell.lst
#%include .///pk-libreoffice.lst
#%include .///pk-vlc.lst
#%include .///pk-smplayer.lst
#%include .///pk-kipi-plugins.lst

chromium-browser-stable
#firefox
#falkon
#falkon-kde
#falkon-plugins

# Install for Live only
# and remove with calamares cleaner
#kpat

# Desktop Specific
qt-avif-image-plugin
qt-jpegxl-image-plugin
phonon4qt5-gstreamer
#haruna
#nulloy
#isoimagewriter
#rosa-imagewriter
#digikam
#showfoto
#krita

#task-printing
#printing
#task-printing-scanning
#system-config-printer-gui

x11-tools
x11-docs
x11-font-type1
x11-font-misc
x11-data-cursor-themes
edidbins
avahi #service

# Miscelaneous Packages
#filelight
enchant
ffmpeg
jasper
nss
nss_ldap
nss_mdns
#nss_wins #this pulls in a ton of samba deps
openssl
pam_ldap
poppler-data
sasl-plug-gssapi

# OM special featured software
oma-welcome
#om-feeling-like
#om-update-config
om-repo-picker
om-control-center
om-user-manager
om-mirror-selector
dnfdrake

#oxygen-icons
#packagekit
packagekit-gstreamer-plugin
packagekit-command-not-found
#discover
#discover-backend-kns
#discover-backend-packagekit
#discover-notifier
