# Basic includes file lists
%include .///omdv_control.lst
%include .///omdv_core.lst
%include .///omdv_drivers.lst
%include .///omdv_iso.lst
%include .///omdv_ppp.lst
%include .///omdv_utils.lst

# More includes lists for common sets that are not task/meta pkgs
%include .///omdv_fonts.lst
%include .///omdv_gstreamer.lst
%include .///omdv_libreoffice.lst
%include .///omdv_locales.lst
#include .///omdv_man-pages.lst
%include .///omdv_myspell.lst
%include .///omdv_pulseaudio.lst
#%include .///omdv_smplayer.lst

# Add wayland for testing
#%include .///omdv-plasma6wayland.lst

# Install for Live only
# and remove with calamares cleaner
kpat

# Desktop specifics
distro-release-desktop-Plasma6
x11-font-cyrillic
x11-tools
x11-docs
x11-font-type1
x11-font-misc
x11-data-cursor-themes

# Plasma packages
task-plasma6
akonadi-calendar-tools
akonadi-search
akregator
ark
audiocd-kio
bluedevil
dolphin
dolphin-plugins
drkonqi
ffmpegthumbs
filelight
flatpak-kcm
gwenview
kaccounts-integration
kaccounts-providers
kaddressbook
kalarm
kamera
kate
kbackup
kcalc
kcm-grub2
kdeconnect
kdegraphics-thumbnailers
kdenetwork-filesharing
kdenlive
kdepim-runtime
kdeplasma-addons
kdf
kdialog
kf6-oxygen-icons
kf6-sonnet
kfind
kgamma
kget
khelpcenter
kidentitymanagement
kinfocenter
kio-admin
kio-extras
kio-gdrive
kio-zeroconf
kirigami-addons
kleopatra
kmail
kmail-account-wizard
kolourpaint
konsole
kontact
korganizer
krdc
krfb
ksystemlog
ksystemstats
ktorrent
kwallet-pam
kwalletmanager
kwrite
myspell-dictionary
neochat
okular
okular-epub
oxygen
oxygen-sounds
partitionmanager
plasma-browser-integration
plasma-disks
plasma-nm
plasma-systemmonitor
plasma-vault
plymouth-kcm
print-manager
qqc2-breeze-style
signon-kwallet-extension
skanlite
spectacle
speech-dispatcher
systemsettings
xdg-desktop-portal-kde
yakuake
#elisa
#krita
#plasma-firewall

#packagekit
discover
discover-backend-flatpak
discover-backend-packagekit

# Miscelaneous Packages
avahi
helium
helium-qt6
edidbins
enchant
ffmpeg
flatpak
jasper
libreoffice-kde6
qmplay2
# qmplay2 pulls in yt-dlp which requires (mplayer or mpv). Make sure it picks mpv
mpv
nss
nss_ldap
nss_mdns
openssl
pam_ldap
poppler-data
sasl-plug-gssapi
#telegram-desktop
vokoscreenNG
wacomtablet
#nss_wins #this pulls in a ton of samba deps

# OM special featured software
om-welcome
om-repo-picker
om-imagewriter
om-update-config
om-mirror-selector
dnfdrake
