distro-release-desktop-Plasma6
kf6-baloo
kf6-breeze-icons
kf6-frameworkintegration
kf6-kdeclarative
kf6-kded
kf6-kidletime
kf6-kidletime-x11
kf6-kirigami
kf6-kirigami-addons
kf6-kservice
kf6-kwindowsystem
kf6-kwindowsystem-backend-x11
kf6-oxygen-icons
kf6-solid
plasma6-ark
plasma6-bluedevil
plasma6-breeze
plasma6-desktop
plasma6-disks
plasma6-dolphin
plasma6-dolphin-plugins
plasma6-drkonqi
plasma6-ffmpegthumbs
plasma6-gwenview
plasma6-integration
plasma6-kate
plasma6-kde-cli-tools
plasma6-kdegraphics-thumbnailers
plasma6-kdepim-runtime
plasma6-kdeplasma-addons
plasma6-kdialog
plasma6-kinfocenter
plasma6-kio-admin
plasma6-kio-extras
plasma6-kio-gdrive
plasma6-kio-zeroconf
plasma6-kmenuedit
plasma6-konsole
plasma6-kscreen
plasma6-kscreenlocker
plasma6-ksshaskpass
plasma6-ksystemstats
plasma6-kwalletmanager
plasma6-kwallet-pam
plasma6-kwin-x11
plasma6-kwrite
plasma6-kwrited
plasma6-libkscreen-x11
plasma6-milou
plasma6-nm
plasma6-okular
plasma6-oxygen-sounds
plasma6-pa
plasma6-partitionmanager
plasma6-plymouth-kcm
plasma6-polkit-kde-agent-1
plasma6-powerdevil
plasma6-qqc2-breeze-style
plasma6-sddm
plasma6-sddm-kcm
plasma6-sddm-theme-breeze
plasma6-signon-kwallet-extension
plasma6-spectacle
plasma6-systemmonitor
plasma6-systemsettings
plasma6-vault
plasma6-workspace
plasma6-workspace-x11
plasma6-xdg-desktop-portal-kde
sound-theme-ocean
#flatpak
#kf6-sonnet
#packagekit
#plasma6-breeze-gtk
#plasma6-browser-integration
#plasma6-discover
#plasma6-discover-backend-flatpak
#plasma6-discover-backend-packagekit
#plasma6-firewall
#plasma6-flatpak-kcm
#plasma6-kwayland-integration
#plasma6-kwin-wayland
#plasma6-oxygen
#plasma6-workspace-wayland
