# FIXME should those go to task-kde4? Or maybe a new task-kde4-optional?
akonadi
akonadi-common
amarok
amarok-scripts
bluedevil #this should be a task-kde4 dep
distro-kde4-config-OpenMandriva
homerun
importwizard
k3b
kaddressbook
kalarm
kamera
kamoso
kcalc
kcmsystemd #kde
kcm_touchpad
kcm-grub2
kcron
kde-gtk-config
kde-odf-thumbnail
kdeconnect
kdenetwork-filesharing
kdenetwork-strigi-analyzers
kdenetwork4
kdepasswd
kdepim4
kdepim4-kresources
kde-print-manager
kdialog
kdnssd
kget
kincidenceeditor
kio-mtp #kde
kio-sysinfo
kleopatra
klipper
klook
kmail
knotes
konversation
konqueror
kontact
kopete
korganizer
korundum
kppp
kppp-provider
krdc
krfb
ksendemail
ksnapshot
ktexteditor
ktimer
ktimetracker
ktorrent
kwallet
kwallet-daemon
okular-djvu
okular-dvi
okular-kimgio
okular-pdf
okular-tiff
okular-txt
okular-xps
openssh-askpass-qt4
oxygen-icon-theme
phonon-vlc
pinentry-qt4
plasma-applet-battery
plasma-applet-folderview
plasma-applet-leavenote
plasma-applet-magnifique
plasma-applet-mediaplayer
plasma-applet-microblog
plasma-nm
plasma-applet-news
plasma-applet-notes
plasma-applet-paste
plasma-applet-previewer
plasma-applet-timer
plasma-applet-weather
plasma-applet-weatherstation
plasma-applet-webslice
plasma-desktoptheme-default
plasma-krunner-powerdevil
plasma-runner-audioplayercontrol
plasma-runner-contacts
plasma-runner-datetime
plasma-runner-dictionary
plasma-runner-events
plasma-runner-katesessions
plasma-runner-konquerorsessions
plasma-runner-konsolesessions
plasma-runner-kopete
plasma-scriptengine-python
plasma-scriptengine-ruby
plasma-wallpaper-weather
rosa-imagewriter
qgtkstylealt
skanlite
###
calligra-krita
calligra-l10n-de
calligra-l10n-es
calligra-l10n-fr
calligra-l10n-it
calligra-l10n-nb
calligra-l10n-nl
calligra-l10n-pl
calligra-l10n-pt
calligra-l10n-pt_BR
calligra-l10n-ru

# More i18n to take care of the translations we usually provide
kde-l10n-de
kde-l10n-en_GB
kde-l10n-es
kde-l10n-fr
kde-l10n-it
kde-l10n-nb
kde-l10n-nl
kde-l10n-nn
kde-l10n-pl
kde-l10n-pt_BR
kde-l10n-ro
kde-l10n-ru

